// Jest Snapshot v1, https://goo.gl/fbAQLP

exports[`Textarea tests matches the snaphot 1`] = `
<styled.textarea
  className="custom-textarea"
  onChange={
    [MockFunction] {
      "calls": Array [
        Array [
          Object {
            "target": Object {
              "value": "Some Text",
            },
          },
        ],
      ],
      "results": Array [
        Object {
          "type": "return",
          "value": undefined,
        },
      ],
    }
  }
  rows={4}
  value="Some Text"
/>
`;
