// Jest Snapshot v1, https://goo.gl/fbAQLP

exports[`Checkbox element tests matches the snaphot 1`] = `
<styled.div>
  <styled.input
    checked={true}
    id="some-id"
    name="Some name"
    onChange={
      [MockFunction] {
        "calls": Array [
          Array [
            Object {
              "target": Object {
                "checked": false,
              },
            },
          ],
        ],
        "results": Array [
          Object {
            "type": "return",
            "value": undefined,
          },
        ],
      }
    }
    type="checkbox"
  />
  <styled.label
    htmlFor="some-id"
    title="Some title"
  >
    Some title
  </styled.label>
</styled.div>
`;
