// Jest Snapshot v1, https://goo.gl/fbAQLP

exports[`PreviewModal component tests matches the snaphot 1`] = `
<Fragment>
  <button
    className="custom-button"
    onClick={[Function]}
    style={
      Object {
        "cursor": "pointer",
      }
    }
  >
    Open Modal
  </button>
</Fragment>
`;
