// Jest Snapshot v1, https://goo.gl/fbAQLP

exports[`Input element tests matches the snaphot 1`] = `
<styled.input
  className="custom-input"
  onChange={
    [MockFunction] {
      "calls": Array [
        Array [
          Object {
            "target": Object {
              "value": "Some text",
            },
          },
        ],
      ],
      "results": Array [
        Object {
          "type": "return",
          "value": undefined,
        },
      ],
    }
  }
  type="text"
  value="Some text"
/>
`;
